// Jest Snapshot v1, https://goo.gl/fbAQLP

exports[`App Component performs snapshot testing 1`] = `
<div>
  <h2>
    Register Form
  </h2>
  <input
    onClick="dothis()"
    type="text"
  />
  <button>
    Submit
  </button>
</div>
`;
